dev-001 guarded: recorded
dev-002 guarded: recorded
Results: /workspace/iri-personal-20260918/v63-baseline-ratio-02/warmup/baseline/20260918T054454Z-kanana-066ebf7f
dev-001 guarded: recorded
dev-002 guarded: recorded
Results: /workspace/iri-personal-20260918/v63-baseline-ratio-02/warmup/legacy_harm_v63/20260918T054500Z-kanana-bfd25804
dev-001 guarded: recorded
dev-002 guarded: recorded
dev-003 guarded: recorded
dev-004 guarded: recorded
dev-005 guarded: recorded
dev-006 guarded: recorded
dev-007 guarded: recorded
dev-008 guarded: recorded
dev-009 guarded: recorded
dev-010 guarded: recorded
dev-011 guarded: recorded
dev-012 guarded: recorded
dev-013 guarded: recorded
dev-014 guarded: recorded
dev-015 guarded: recorded
dev-016 guarded: recorded
dev-017 guarded: recorded
dev-018 guarded: recorded
dev-019 guarded: recorded
dev-020 guarded: recorded
dev-021 guarded: recorded
dev-022 guarded: recorded
dev-023 guarded: recorded
dev-024 guarded: recorded
dev-025 guarded: recorded
dev-026 guarded: recorded
dev-027 guarded: recorded
dev-028 guarded: recorded
dev-029 guarded: recorded
dev-030 guarded: recorded
dev-031 guarded: recorded
dev-032 guarded: recorded
dev-033 guarded: recorded
dev-034 guarded: recorded
dev-035 guarded: recorded
dev-036 guarded: recorded
dev-037 guarded: recorded
dev-038 guarded: recorded
dev-039 guarded: recorded
dev-040 guarded: recorded
dev-041 guarded: recorded
dev-042 guarded: recorded
dev-043 guarded: recorded
dev-044 guarded: recorded
dev-045 guarded: recorded
dev-046 guarded: recorded
dev-047 guarded: recorded
dev-048 guarded: recorded
dev-049 guarded: recorded
dev-050 guarded: recorded
dev-051 guarded: recorded
dev-052 guarded: recorded
dev-053 guarded: recorded
dev-054 guarded: recorded
dev-055 guarded: recorded
dev-056 guarded: recorded
dev-057 guarded: recorded
dev-058 guarded: recorded
dev-059 guarded: recorded
dev-060 guarded: recorded
dev-061 guarded: recorded
dev-062 guarded: recorded
dev-063 guarded: recorded
dev-064 guarded: recorded
dev-065 guarded: recorded
dev-066 guarded: recorded
dev-067 guarded: recorded
dev-068 guarded: recorded
dev-069 guarded: recorded
dev-070 guarded: recorded
dev-071 guarded: recorded
dev-072 guarded: recorded
dev-073 guarded: recorded
dev-074 guarded: recorded
dev-075 guarded: recorded
dev-076 guarded: recorded
dev-077 guarded: recorded
dev-078 guarded: recorded
dev-079 guarded: recorded
dev-080 guarded: recorded
dev-081 guarded: recorded
dev-082 guarded: recorded
dev-083 guarded: recorded
dev-084 guarded: recorded
dev-085 guarded: recorded
dev-086 guarded: recorded
dev-087 guarded: recorded
dev-088 guarded: recorded
dev-089 guarded: recorded
dev-090 guarded: recorded
dev-091 guarded: recorded
dev-092 guarded: recorded
dev-093 guarded: recorded
dev-094 guarded: recorded
dev-095 guarded: recorded
dev-096 guarded: recorded
dev-097 guarded: recorded
dev-098 guarded: recorded
dev-099 guarded: recorded
dev-100 guarded: recorded
Results: /workspace/iri-personal-20260918/v63-baseline-ratio-02/full100/baseline/20260918T054506Z-kanana-f09945af
dev-001 guarded: recorded
dev-002 guarded: recorded
dev-003 guarded: recorded
dev-004 guarded: recorded
dev-005 guarded: recorded
dev-006 guarded: recorded
dev-007 guarded: recorded
dev-008 guarded: recorded
dev-009 guarded: recorded
dev-010 guarded: recorded
dev-011 guarded: recorded
dev-012 guarded: recorded
dev-013 guarded: recorded
dev-014 guarded: recorded
dev-015 guarded: recorded
dev-016 guarded: recorded
dev-017 guarded: recorded
dev-018 guarded: recorded
dev-019 guarded: recorded
dev-020 guarded: recorded
dev-021 guarded: recorded
dev-022 guarded: recorded
dev-023 guarded: recorded
dev-024 guarded: recorded
dev-025 guarded: recorded
dev-026 guarded: recorded
dev-027 guarded: recorded
dev-028 guarded: recorded
dev-029 guarded: recorded
dev-030 guarded: recorded
dev-031 guarded: recorded
dev-032 guarded: recorded
dev-033 guarded: recorded
dev-034 guarded: recorded
dev-035 guarded: recorded
dev-036 guarded: recorded
dev-037 guarded: recorded
dev-038 guarded: recorded
dev-039 guarded: recorded
dev-040 guarded: recorded
dev-041 guarded: recorded
dev-042 guarded: recorded
dev-043 guarded: recorded
dev-044 guarded: recorded
dev-045 guarded: recorded
dev-046 guarded: recorded
dev-047 guarded: recorded
dev-048 guarded: recorded
dev-049 guarded: recorded
dev-050 guarded: recorded
dev-051 guarded: recorded
dev-052 guarded: recorded
dev-053 guarded: recorded
dev-054 guarded: recorded
dev-055 guarded: recorded
dev-056 guarded: recorded
dev-057 guarded: recorded
dev-058 guarded: recorded
dev-059 guarded: recorded
dev-060 guarded: recorded
dev-061 guarded: recorded
dev-062 guarded: recorded
dev-063 guarded: recorded
dev-064 guarded: recorded
dev-065 guarded: recorded
dev-066 guarded: recorded
dev-067 guarded: recorded
dev-068 guarded: recorded
dev-069 guarded: recorded
dev-070 guarded: recorded
dev-071 guarded: recorded
dev-072 guarded: recorded
dev-073 guarded: recorded
dev-074 guarded: recorded
dev-075 guarded: recorded
dev-076 guarded: recorded
dev-077 guarded: recorded
dev-078 guarded: recorded
dev-079 guarded: recorded
dev-080 guarded: recorded
dev-081 guarded: recorded
dev-082 guarded: recorded
dev-083 guarded: recorded
dev-084 guarded: recorded
dev-085 guarded: recorded
dev-086 guarded: recorded
dev-087 guarded: recorded
dev-088 guarded: recorded
dev-089 guarded: recorded
dev-090 guarded: recorded
dev-091 guarded: recorded
dev-092 guarded: recorded
dev-093 guarded: recorded
dev-094 guarded: recorded
dev-095 guarded: recorded
dev-096 guarded: recorded
dev-097 guarded: recorded
dev-098 guarded: recorded
dev-099 guarded: recorded
dev-100 guarded: recorded
Results: /workspace/iri-personal-20260918/v63-baseline-ratio-02/full100/legacy_harm_v63/20260918T054737Z-kanana-d2ffa3cd
